###############################################################################
#
# IAR ELF Linker V3.10.1.201 for STM8                     09/Jun/2023  22:04:00
# Copyright 2010-2017 IAR Systems AB.
#
#    Output file  =  D:\低功耗电压表\Debug\Exe\stm8_2023_6_6_halt.out
#    Map file     =  D:\低功耗电压表\Debug\List\stm8_2023_6_6_halt.map
#    Command line =  
#        -f C:\Users\86180\AppData\Local\Temp\EW7268.tmp
#        (D:\低功耗电压表\Debug\Obj\ADS1115.o D:\低功耗电压表\Debug\Obj\main.o
#        D:\低功耗电压表\Debug\Obj\vkl144.o --redirect _Printf=_PrintfSmall
#        --redirect _Scanf=_ScanfSmall -o
#        D:\低功耗电压表\Debug\Exe\stm8_2023_6_6_halt.out --map
#        D:\低功耗电压表\Debug\List\stm8_2023_6_6_halt.map --config "C:\IAR
#        Systems\Embedded Workbench 8.0\stm8\config\lnkstm8l051f3.icf"
#        --config_def _CSTACK_SIZE=0x100 --config_def _HEAP_SIZE=0x100 --entry
#        __iar_program_start --debug_lib)
#
###############################################################################

*******************************************************************************
*** RUNTIME MODEL ATTRIBUTES
***

__SystemLibrary            = DLib
__code_model               = medium_or_large
__core                     = stm8
__data_model               = large
__dlib_file_descriptor     = 0
__dlib_full_locale_support = 0
__rt_version               = 4


*******************************************************************************
*** PLACEMENT SUMMARY
***

"A0":  place at start of [0x000000-0x0000ff] { rw section .vregs };
"A1":  place at end of [0x000000-0x0003ff] { block CSTACK };
"P2":  place in [from 0x000000 to 0x0003ff] {
          block HEAP, rw section __DLIB_PERTHREAD, rw section .far.bss,
          rw section .far.data, rw section .far.noinit,
          rw section .far_func.textrw, rw section .huge.bss,
          rw section .huge.data, rw section .huge.noinit,
          rw section .huge_func.textrw, rw section .iar.dynexit,
          rw section .near.bss, rw section .near.data, rw section .near.noinit,
          rw section .near_func.textrw };
"A2":  place at start of [0x008000-0x009fff] { block INTVEC };
"P3":  place in [from 0x008000 to 0x009fff] {
          ro section __DLIB_PERTHREAD_init, ro section .far.data_init,
          ro section .far_func.textrw_init, ro section .huge.data_init,
          ro section .huge_func.textrw_init, ro section .iar.init_table,
          ro section .init_array, ro section .near.data_init,
          ro section .near.rodata, ro section .near_func.text,
          ro section .near_func.textrw_init, ro section .tiny.data_init,
          ro section .tiny.rodata_init };
"P4":  place in [from 0x008000 to 0x009fff] {
          ro section .far.rodata, ro section .far_func.text };
"P5":  place in [from 0x008000 to 0x009fff] {
          ro section .huge.rodata, ro section .huge_func.text };
do not initialize {
   rw section .eeprom.noinit, rw section .far.noinit, rw section .huge.noinit,
   rw section .near.noinit, rw section .tiny.noinit, rw section .vregs };

  Section          Kind      Address   Size  Object
  -------          ----      -------   ----  ------
"A0":                                   0xc
  .vregs           uninit   0x000000    0xc  vregs.o [4]
                          - 0x00000c    0xc

"P2":                                  0x3f
  .near.bss        zero     0x00000c   0x21  vkl144.o [1]
  .near.bss        zero     0x00002d    0x8  vkl144.o [1]
  .near.bss        zero     0x000035    0x4  ADS1115.o [1]
  .near.bss        zero     0x000039    0x4  ADS1115.o [1]
  .near.bss        zero     0x00003d    0x4  main.o [1]
  .near.bss        zero     0x000041    0x4  main.o [1]
  .near.bss        zero     0x000045    0x4  main.o [1]
  .near.bss        zero     0x000049    0x1  ADS1115.o [1]
  .near.bss        zero     0x00004a    0x1  ADS1115.o [1]
                          - 0x00004b   0x3f

"A1":                                 0x100
  CSTACK                    0x000300  0x100  <Block>
    CSTACK         uninit   0x000300  0x100  <Block tail>
                          - 0x000400  0x100

Absolute sections, part 1 of 10:        0x4
  .near.noinit     uninit   0x005000    0x1  ADS1115.o [1]
  .near.noinit     uninit   0x005001    0x1  ADS1115.o [1]
  .near.noinit     uninit   0x005002    0x1  main.o [1]
  .near.noinit     uninit   0x005003    0x1  main.o [1]
                          - 0x005004    0x4

Absolute sections, part 2 of 10:        0x4
  .near.noinit     uninit   0x005005    0x1  vkl144.o [1]
  .near.noinit     uninit   0x005006    0x1  vkl144.o [1]
  .near.noinit     uninit   0x005007    0x1  main.o [1]
  .near.noinit     uninit   0x005008    0x1  main.o [1]
                          - 0x005009    0x4

Absolute sections, part 3 of 10:        0x2
  .near.noinit     uninit   0x00500c    0x1  main.o [1]
  .near.noinit     uninit   0x00500d    0x1  main.o [1]
                          - 0x00500e    0x2

Absolute sections, part 4 of 10:        0x1
  .near.noinit     uninit   0x0050b3    0x1  main.o [1]
                          - 0x0050b4    0x1

Absolute sections, part 5 of 10:        0x1
  .near.noinit     uninit   0x0050c1    0x1  main.o [1]
                          - 0x0050c2    0x1

Absolute sections, part 6 of 10:        0x1
  .near.noinit     uninit   0x0050c4    0x1  main.o [1]
                          - 0x0050c5    0x1

Absolute sections, part 7 of 10:        0x2
  .near.noinit     uninit   0x005148    0x1  main.o [1]
  .near.noinit     uninit   0x005149    0x1  main.o [1]
                          - 0x00514a    0x2

Absolute sections, part 8 of 10:        0x2
  .near.noinit     uninit   0x00514c    0x1  main.o [1]
  .near.noinit     uninit   0x00514d    0x1  main.o [1]
                          - 0x00514e    0x2

Absolute sections, part 9 of 10:        0x2
  .near.noinit     uninit   0x005154    0x1  main.o [1]
  .near.noinit     uninit   0x005155    0x1  main.o [1]
                          - 0x005156    0x2

Absolute sections, part 10 of 10:       0x1
  .near.noinit     uninit   0x005159    0x1  main.o [1]
                          - 0x00515a    0x1

"A2":                                  0x80
  INTVEC                    0x008000   0x80  <Block>
    .intvec        const    0x008000   0x80  interrupt.o [4]
                          - 0x008080   0x80

"P3-P5":                              0xdd7
  .huge_func.text  ro code  0x008080  0x170  main.o [1]
  .far_func.text   ro code  0x0081f0  0x16f  long.o [4]
  .huge_func.text  ro code  0x00835f  0x12e  vkl144.o [1]
  .huge_func.text  ro code  0x00848d  0x121  ADS1115.o [1]
  .huge_func.text  ro code  0x0085ae  0x100  vkl144.o [1]
  .huge_func.text  ro code  0x0086ae   0xe0  vkl144.o [1]
  .huge_func.text  ro code  0x00878e   0xc6  ADS1115.o [1]
  .huge_func.text  ro code  0x008854   0xb5  ADS1115.o [1]
  .far_func.text   ro code  0x008909   0x90  vreg_util.o [4]
  .huge_func.text  ro code  0x008999   0x80  vkl144.o [1]
  .huge_func.text  ro code  0x008a19   0x75  main.o [1]
  .huge_func.text  ro code  0x008a8e   0x52  ADS1115.o [1]
  .huge_func.text  ro code  0x008ae0   0x51  vkl144.o [1]
  .huge_func.text  ro code  0x008b31   0x42  main.o [1]
  .huge_func.text  ro code  0x008b73   0x41  vkl144.o [1]
  .huge_func.text  ro code  0x008bb4   0x40  ADS1115.o [1]
  .huge_func.text  ro code  0x008bf4   0x3d  vkl144.o [1]
  .huge_func.text  ro code  0x008c31   0x3c  ADS1115.o [1]
  .far_func.text   ro code  0x008c6d   0x2c  dc_util.o [4]
  .far_func.text   ro code  0x008c99   0x27  init.o [4]
  .far_func.text   ro code  0x008cc0   0x26  short.o [4]
  .huge_func.text  ro code  0x008ce6   0x22  ADS1115.o [1]
  .huge_func.text  ro code  0x008d08   0x22  ADS1115.o [1]
  .far.rodata      const    0x008d2a   0x21  vkl144.o [1]
  .iar.init_table  const    0x008d4b    0x9  - Linker created -
  .far_func.text   ro code  0x008d54   0x1e  init.o [4]
  .huge_func.text  ro code  0x008d72   0x1d  vkl144.o [1]
  .far_func.text   ro code  0x008d8f   0x1a  long_util.o [4]
  .far_func.text   ro code  0x008da9   0x1a  __dbg_xxexit.o [3]
  .huge_func.text  ro code  0x008dc3   0x19  vkl144.o [1]
  .far_func.text   ro code  0x008ddc   0x17  cstartup.o [4]
  .huge_func.text  ro code  0x008df3   0x14  vkl144.o [1]
  .far.rodata      const    0x008e07   0x10  vkl144.o [1]
  .far_func.text   ro code  0x008e17    0xe  far_util.o [4]
  .huge_func.text  ro code  0x008e25    0xa  ADS1115.o [1]
  .huge_func.text  ro code  0x008e2f    0xa  ADS1115.o [1]
  .huge_func.text  ro code  0x008e39    0x9  vkl144.o [1]
  .far_func.text   ro code  0x008e42    0x6  cexit.o [4]
  .far_func.text   ro code  0x008e48    0x4  interrupt.o [4]
  .far_func.text   ro code  0x008e4c    0x4  exit.o [4]
  .far_func.text   ro code  0x008e50    0x3  low_level_init.o [4]
  .far_func.text   ro code  0x008e53    0x3  unhandled_exception.o [4]
  .far_func.text   ro code  0x008e56    0x1  __dbg_break.o [3]
                          - 0x008e57  0xdd7


*******************************************************************************
*** INIT TABLE
***

          Address   Size
          -------   ----
Zero (__iar_zero_init2)
    1 destination range, total size 0x3f:
          0x00000c  0x3f



*******************************************************************************
*** MODULE SUMMARY
***

    Module                 ro code  ro data  rw data  rw data
                                                       (abs)
    ------                 -------  -------  -------  -------
D:\低功耗电压表\Debug\Obj: [1]
    ADS1115.o                  962                10        2
    main.o                     551                12       16
    vkl144.o                 1 200       49       41        2
    ---------------------------------------------------------
    Total:                   2 713       49       63       20

command line: [2]
    ---------------------------------------------------------
    Total:

dbgstm8mld.a: [3]
    __dbg_break.o                1
    __dbg_xxexit.o              26
    ---------------------------------------------------------
    Total:                      27

dlstm8mln.a: [4]
    cexit.o                      6
    cstartup.o                  23
    dc_util.o                   44
    exit.o                       4
    far_util.o                  14
    init.o                      69
    interrupt.o                  4      128
    long.o                     367
    long_util.o                 26
    low_level_init.o             3
    short.o                     38
    unhandled_exception.o        3
    vreg_util.o                144
    vregs.o                                       12
    ---------------------------------------------------------
    Total:                     745      128       12

    Linker created                        9      256
-------------------------------------------------------------
    Grand Total:             3 485      186      331       20


*******************************************************************************
*** ENTRY LIST
***

Entry                    Address   Size  Type      Object
-----                    -------   ----  ----      ------
.iar.init_table$$Base   0x008d4b          --   Gb  - Linker created -
.iar.init_table$$Limit  0x008d54          --   Gb  - Linker created -
?add32_l0_l0_0x         0x0081f3         Code  Gb  long.o [4]
?add32_l0_l0_l1         0x0081f0         Code  Gb  long.o [4]
?b0                     0x000000         Data  Gb  vregs.o [4]
?b1                     0x000001         Data  Gb  vregs.o [4]
?b10                    0x00000a         Data  Gb  vregs.o [4]
?b11                    0x00000b         Data  Gb  vregs.o [4]
?b2                     0x000002         Data  Gb  vregs.o [4]
?b3                     0x000003         Data  Gb  vregs.o [4]
?b4                     0x000004         Data  Gb  vregs.o [4]
?b5                     0x000005         Data  Gb  vregs.o [4]
?b6                     0x000006         Data  Gb  vregs.o [4]
?b7                     0x000007         Data  Gb  vregs.o [4]
?b8                     0x000008         Data  Gb  vregs.o [4]
?b9                     0x000009         Data  Gb  vregs.o [4]
?dc32_l1                0x008c6d         Code  Gb  dc_util.o [4]
?e0                     0x000001         Data  Gb  vregs.o [4]
?e1                     0x000005         Data  Gb  vregs.o [4]
?e2                     0x000009         Data  Gb  vregs.o [4]
?epilogue_l2            0x008975         Code  Gb  vreg_util.o [4]
?epilogue_w4            0x00897a         Code  Gb  vreg_util.o [4]
?l0                     0x000000         Data  Gb  vregs.o [4]
?l1                     0x000004         Data  Gb  vregs.o [4]
?l2                     0x000008         Data  Gb  vregs.o [4]
?load24_e1_0x           0x008e17         Code  Gb  far_util.o [4]
?load32_0x_l0           0x008d9b         Code  Gb  long_util.o [4]
?load32_l0_0x           0x008d8f         Code  Gb  long_util.o [4]
?mov_e0_e2              0x008982         Code  Gb  vreg_util.o [4]
?mov_e2_e0              0x00898f         Code  Gb  vreg_util.o [4]
?mov_l0_l2              0x00897f         Code  Gb  vreg_util.o [4]
?mov_l2_l0              0x00898c         Code  Gb  vreg_util.o [4]
?mov_w1_w5              0x008985         Code  Gb  vreg_util.o [4]
?mov_w5_w1              0x008992         Code  Gb  vreg_util.o [4]
?mul16_x_x_w0           0x008cc0         Code  Gb  short.o [4]
?mul32_l0_l0_0x         0x00820b         Code  Gb  long.o [4]
?mul32_l0_l0_l1         0x008214         Code  Gb  long.o [4]
?pop_l2                 0x00895e         Code  Gb  vreg_util.o [4]
?pop_w4                 0x008925         Code  Gb  vreg_util.o [4]
?push_l2                0x008938         Code  Gb  vreg_util.o [4]
?push_w4                0x008909         Code  Gb  vreg_util.o [4]
?sdiv32_l0_l0_dl        0x008305         Code  Gb  long.o [4]
?sdiv32_l0_l0_l1        0x008309         Code  Gb  long.o [4]
?sext32_l0_x            0x008354         Code  Gb  long.o [4]
?sll16_x_x_a            0x008cde         Code  Gb  short.o [4]
?smod32_l1_l0_dl        0x0082ff         Code  Gb  long.o [4]
?smod32_l1_l0_l1        0x008309         Code  Gb  long.o [4]
?udiv32_l0_l0_l1        0x008292         Code  Gb  long.o [4]
?umod32_l1_l0_l1        0x008292         Code  Gb  long.o [4]
?w0                     0x000000         Data  Gb  vregs.o [4]
?w1                     0x000002         Data  Gb  vregs.o [4]
?w2                     0x000004         Data  Gb  vregs.o [4]
?w3                     0x000006         Data  Gb  vregs.o [4]
?w4                     0x000008         Data  Gb  vregs.o [4]
?w5                     0x00000a         Data  Gb  vregs.o [4]
ADS1115_SendBuf1        0x000035    0x4  Data  Gb  ADS1115.o [1]
ADS1115_SendBuf2        0x000039    0x4  Data  Gb  ADS1115.o [1]
AD_VALUE                0x00003d    0x4  Data  Gb  main.o [1]
CSTACK$$Base            0x000300          --   Gb  - Linker created -
CSTACK$$Limit           0x000400          --   Gb  - Linker created -
GPIO_input_init         0x0080ea   0x70  Code  Gb  main.o [1]
GPIO_output_init        0x008080   0x6a  Code  Gb  main.o [1]
Halt_RTC_Init           0x00817e   0x42  Code  Gb  main.o [1]
Haltmode_GPIODefault    0x00815a   0x24  Code  Gb  main.o [1]
I2C_Delay               0x008e25    0xa  Code  Gb  ADS1115.o [1]
I2C_ReadByte            0x008c31   0x3c  Code  Gb  ADS1115.o [1]
I2C_SendByte            0x008a8e   0x52  Code  Gb  ADS1115.o [1]
I2C_Start               0x008ce6   0x22  Code  Gb  ADS1115.o [1]
I2C_Stop                0x008d08   0x22  Code  Gb  ADS1115.o [1]
I2C_Wait_Ack            0x008bb4   0x40  Code  Gb  ADS1115.o [1]
INTVEC$$Base            0x008000          --   Gb  - Linker created -
INTVEC$$Limit           0x008080          --   Gb  - Linker created -
LCD_RAM_Tab             0x00000c   0x21  Data  Gb  vkl144.o [1]
LED_Tab                 0x008d2a   0x21  Data  Gb  vkl144.o [1]
NUM                     0x000041    0x4  Data  Gb  main.o [1]
RTC_IRQHandler          0x008b31   0x42  Code  Gb  main.o [1]
RTC_WPR                 0x005159    0x1  Data  Gb  main.o [1]
Region$$Table$$Base     0x008d4b          --   Gb  - Linker created -
Region$$Table$$Limit    0x008d54          --   Gb  - Linker created -
SysClkInit              0x0081e7    0x1  Code  Gb  main.o [1]
VKL144_Delay_7us        0x008e39    0x9  Code  Gb  vkl144.o [1]
VKL144_Delay_ms         0x008df3   0x14  Code  Gb  vkl144.o [1]
VKL144_DispArray        0x00002d    0x8  Data  Gb  vkl144.o [1]
VKL144_FunSet           0x008ae0   0x51  Code  Gb  vkl144.o [1]
VKL144_I2CSlaveAck      0x008b73   0x41  Code  Gb  vkl144.o [1]
VKL144_I2CStart         0x008d72   0x1d  Code  Gb  vkl144.o [1]
VKL144_I2CStop          0x008dc3   0x19  Code  Gb  vkl144.o [1]
VKL144_I2CWriteByte     0x008bf4   0x3d  Code  Gb  vkl144.o [1]
VKL144_Init             0x0086ae   0xe0  Code  Gb  vkl144.o [1]
VKL144_MyDisplay        0x0085ae  0x100  Code  Gb  vkl144.o [1]
VKL144_num_init         0x00835f  0x12e  Code  Gb  vkl144.o [1]
VKL144_segtab           0x008e07   0x10  Data  Gb  vkl144.o [1]
Write1DataVKL144        0x008999   0x80  Code  Gb  vkl144.o [1]
_A_CLK_CRTCR            0x0050c1    0x1  Data  Gb  main.o [1]
_A_CLK_PCKENR2          0x0050c4    0x1  Data  Gb  main.o [1]
_A_PA_CR1               0x005003    0x1  Data  Gb  main.o [1]
_A_PA_DDR               0x005002    0x1  Data  Gb  main.o [1]
_A_PA_IDR               0x005001    0x1  Data  Gb  ADS1115.o [1]
_A_PA_ODR               0x005000    0x1  Data  Gb  ADS1115.o [1]
_A_PB_CR1               0x005008    0x1  Data  Gb  main.o [1]
_A_PB_DDR               0x005007    0x1  Data  Gb  main.o [1]
_A_PB_IDR               0x005006    0x1  Data  Gb  vkl144.o [1]
_A_PB_ODR               0x005005    0x1  Data  Gb  vkl144.o [1]
_A_PC_CR1               0x00500d    0x1  Data  Gb  main.o [1]
_A_PC_DDR               0x00500c    0x1  Data  Gb  main.o [1]
_A_PWR_CSR2             0x0050b3    0x1  Data  Gb  main.o [1]
_A_RTC_CR1              0x005148    0x1  Data  Gb  main.o [1]
_A_RTC_CR2              0x005149    0x1  Data  Gb  main.o [1]
_A_RTC_ISR1             0x00514c    0x1  Data  Gb  main.o [1]
_A_RTC_ISR2             0x00514d    0x1  Data  Gb  main.o [1]
_A_RTC_WUTRH            0x005154    0x1  Data  Gb  main.o [1]
_A_RTC_WUTRL            0x005155    0x1  Data  Gb  main.o [1]
__DebugBreak            0x008e56    0x1  Code  Gb  __dbg_break.o [3]
__exit                  0x008da9   0x1a  Code  Gb  __dbg_xxexit.o [3]
__iar_data_init2        0x008d54   0x1e  Code  Gb  init.o [4]
__iar_program_start     0x008ddc         Code  Gb  cstartup.o [4]
__iar_unhandled_exception
                        0x008e53         Code  Gb  unhandled_exception.o [4]
__iar_zero_init2        0x008c99   0x27  Code  Gb  init.o [4]
__intvec                0x008000         Data  Gb  interrupt.o [4]
__low_level_init        0x008e50    0x3  Code  Gb  low_level_init.o [4]
_exit                   0x008e42         Code  Gb  cexit.o [4]
_interrupt_6            0x008b31         Code  Gb  main.o [1]
ads1115_ch0             0x00848d  0x121  Code  Gb  ADS1115.o [1]
ads1115_init            0x00878e   0xc6  Code  Gb  ADS1115.o [1]
delay                   0x0081c0   0x27  Code  Gb  main.o [1]
delay5ms                0x008e2f    0xa  Code  Gb  ADS1115.o [1]
exit                    0x008e4c    0x4  Code  Gb  exit.o [4]
hh                      0x000049    0x1  Data  Gb  ADS1115.o [1]
i                       0x000045    0x4  Data  Gb  main.o [1]
ll                      0x00004a    0x1  Data  Gb  ADS1115.o [1]
main                    0x008a19   0x75  Code  Gb  main.o [1]
main_Init               0x0081e8    0x8  Code  Gb  main.o [1]
startch0                0x008854   0xb5  Code  Gb  ADS1115.o [1]


[1] = D:\低功耗电压表\Debug\Obj
[2] = command line
[3] = dbgstm8mld.a
[4] = dlstm8mln.a

  3 485 bytes of readonly  code memory
    186 bytes of readonly  data memory
    331 bytes of readwrite data memory (+ 20 absolute)

Errors: none
Warnings: none
